
> seva-setu-app@1.0.0 build:web
> expo export --platform web --output-dir dist-web --clear

env: load .env
env: export EXPO_PUBLIC_API_URL EXPO_PUBLIC_SUPABASE_URL EXPO_PUBLIC_SUPABASE_ANON_KEY EXPO_PUBLIC_BYPASS_SUPABASE EXPO_PUBLIC_DEV_MODE EXPO_PUBLIC_DEV_MODE_SECRET
React Compiler enabled
Starting Metro Bundler
warning: Bundler cache is empty, rebuilding (this may take a minute)
Static rendering is enabled. Learn more: https://docs.expo.dev/router/reference/static-rendering/
Web node_modules\expo-router\entry.js ░░░░░░░░░░░░░░░░  0.0% (0/1)
λ node_modules\expo-router\node\render.js ░░░░░░░░░░░░░░░░  0.0% (0/1)
| (node:820) Warning: The 'NO_COLOR' env is ignored due to the 'FORCE_COLOR' env being set.
Web node_modules\expo-router\entry.js ░░░░░░░░░░░░░░░░  0.0% (0/1)
λ node_modules\expo-router\node\render.js ░░░░░░░░░░░░░░░░  0.0% (0/1)
| (Use `node --trace-warnings ...` to show where the warning was created)
| (node:30996) Warning: The 'NO_COLOR' env is ignored due to the 'FORCE_COLOR' env being set.
| (Use `node --trace-warnings ...` to show where the warning was created)
Web node_modules\expo-router\entry.js ▓▓▓▓░░░░░░░░░░░░ 25.0% ( 6/12)
λ node_modules\expo-router\node\render.js ░░░░░░░░░░░░░░░░  1.0% (1/2)
Web node_modules\expo-router\entry.js ▓▓▓▓░░░░░░░░░░░░ 25.0% ( 6/12)
λ node_modules\expo-router\node\render.js ▓░░░░░░░░░░░░░░░  8.2% ( 13/129)
| (node:21300) Warning: The 'NO_COLOR' env is ignored due to the 'FORCE_COLOR' env being set.
| (Use `node --trace-warnings ...` to show where the warning was created)
| (node:3284) Warning: The 'NO_COLOR' env is ignored due to the 'FORCE_COLOR' env being set.
| (Use `node --trace-warnings ...` to show where the warning was created)
| (node:20684) Warning: The 'NO_COLOR' env is ignored due to the 'FORCE_COLOR' env being set.
| (Use `node --trace-warnings ...` to show where the warning was created)
| (node:30372) Warning: The 'NO_COLOR' env is ignored due to the 'FORCE_COLOR' env being set.
| (Use `node --trace-warnings ...` to show where the warning was created)
| (node:20468) Warning: The 'NO_COLOR' env is ignored due to the 'FORCE_COLOR' env being set.
| (Use `node --trace-warnings ...` to show where the warning was created)
| (node:16236) Warning: The 'NO_COLOR' env is ignored due to the 'FORCE_COLOR' env being set.
| (Use `node --trace-warnings ...` to show where the warning was created)
Web node_modules\expo-router\entry.js ▓▓▓▓░░░░░░░░░░░░ 25.0% ( 6/12)
λ node_modules\expo-router\node\render.js ▓░░░░░░░░░░░░░░░  8.2% ( 14/130)
Web node_modules\expo-router\entry.js ▓▓▓▓▓▓░░░░░░░░░░ 41.9% (12/21)
λ node_modules\expo-router\node\render.js ▓░░░░░░░░░░░░░░░  8.2% ( 43/152)
Web node_modules\expo-router\entry.js ▓▓▓▓▓▓░░░░░░░░░░ 41.9% (12/21)
λ node_modules\expo-router\node\render.js ▓▓░░░░░░░░░░░░░░ 12.7% ( 85/239)
Web node_modules\expo-router\entry.js ▓▓▓▓▓▓░░░░░░░░░░ 41.9% (19/42)
λ node_modules\expo-router\node\render.js ▓▓▓░░░░░░░░░░░░░ 24.8% (137/275)
Web node_modules\expo-router\entry.js ▓▓▓▓▓▓░░░░░░░░░░ 41.9% ( 35/234)
λ node_modules\expo-router\node\render.js ▓▓▓░░░░░░░░░░░░░ 24.8% (176/382)
Web node_modules\expo-router\entry.js ▓▓▓▓▓▓░░░░░░░░░░ 41.9% ( 35/234)
λ node_modules\expo-router\node\render.js ▓▓▓▓░░░░░░░░░░░░ 25.8% (242/476)
Web node_modules\expo-router\entry.js ▓▓▓▓▓▓░░░░░░░░░░ 41.9% ( 48/265)
λ node_modules\expo-router\node\render.js ▓▓▓▓░░░░░░░░░░░░ 30.5% (275/505)
Web node_modules\expo-router\entry.js ▓▓▓▓▓▓░░░░░░░░░░ 41.9% ( 49/270)
λ node_modules\expo-router\node\render.js ▓▓▓▓░░░░░░░░░░░░ 31.2% (296/532)
Web node_modules\expo-router\entry.js ▓▓▓▓▓▓░░░░░░░░░░ 41.9% ( 49/270)
λ node_modules\expo-router\node\render.js ▓▓▓▓▓░░░░░░░░░░░ 36.1% (325/541)
Web node_modules\expo-router\entry.js ▓▓▓▓▓▓░░░░░░░░░░ 41.9% ( 79/300)
λ node_modules\expo-router\node\render.js ▓▓▓▓▓▓░░░░░░░░░░ 41.4% (355/552)
Web node_modules\expo-router\entry.js ▓▓▓▓▓▓░░░░░░░░░░ 41.9% (150/392)
λ node_modules\expo-router\node\render.js ▓▓▓▓▓▓░░░░░░░░░░ 41.4% (355/552)
Web node_modules\expo-router\entry.js ▓▓▓▓▓▓░░░░░░░░░░ 41.9% (156/410)
λ node_modules\expo-router\node\render.js ▓▓▓▓▓▓░░░░░░░░░░ 41.4% (355/552)
Web node_modules\expo-router\entry.js ▓▓▓▓▓▓░░░░░░░░░░ 41.9% (162/416)
λ node_modules\expo-router\node\render.js ▓▓▓▓▓▓░░░░░░░░░░ 41.4% (355/552)
Web node_modules\expo-router\entry.js ▓▓▓▓▓▓░░░░░░░░░░ 41.9% (171/422)
λ node_modules\expo-router\node\render.js ▓▓▓▓▓▓░░░░░░░░░░ 41.4% (355/552)
Web node_modules\expo-router\entry.js ▓▓▓▓▓▓░░░░░░░░░░ 41.9% (181/429)
λ node_modules\expo-router\node\render.js ▓▓▓▓▓▓░░░░░░░░░░ 41.4% (355/552)
Web node_modules\expo-router\entry.js ▓▓▓▓▓▓░░░░░░░░░░ 41.9% (189/432)
λ node_modules\expo-router\node\render.js ▓▓▓▓▓▓░░░░░░░░░░ 41.4% (355/552)
Web node_modules\expo-router\entry.js ▓▓▓▓▓▓░░░░░░░░░░ 41.9% (200/435)
λ node_modules\expo-router\node\render.js ▓▓▓▓▓▓░░░░░░░░░░ 41.4% (355/552)
Web node_modules\expo-router\entry.js ▓▓▓▓▓▓░░░░░░░░░░ 41.9% (209/435)
λ node_modules\expo-router\node\render.js ▓▓▓▓▓▓░░░░░░░░░░ 41.4% (355/552)
Web node_modules\expo-router\entry.js ▓▓▓▓▓▓░░░░░░░░░░ 41.9% (221/439)
λ node_modules\expo-router\node\render.js ▓▓▓▓▓▓░░░░░░░░░░ 41.4% (355/552)
Web node_modules\expo-router\entry.js ▓▓▓▓▓▓░░░░░░░░░░ 41.9% (236/443)
λ node_modules\expo-router\node\render.js ▓▓▓▓▓▓▓▓░░░░░░░░ 51.8% (406/564)
Web node_modules\expo-router\entry.js ▓▓▓▓▓▓░░░░░░░░░░ 41.9% (236/443)
λ node_modules\expo-router\node\render.js ▓▓▓▓▓▓▓▓▓░░░░░░░ 58.4% (476/623)
Web node_modules\expo-router\entry.js ▓▓▓▓▓▓░░░░░░░░░░ 41.9% (273/454)
λ node_modules\expo-router\node\render.js ▓▓▓▓▓▓▓▓▓░░░░░░░ 60.5% (525/691)
Web node_modules\expo-router\entry.js ▓▓▓▓▓▓▓░░░░░░░░░ 45.4% (316/469)
λ node_modules\expo-router\node\render.js ▓▓▓▓▓▓▓▓▓░░░░░░░ 61.8% (552/702)
Web node_modules\expo-router\entry.js ▓▓▓▓▓▓▓░░░░░░░░░ 47.7% (377/546)
λ node_modules\expo-router\node\render.js ▓▓▓▓▓▓▓▓▓░░░░░░░ 61.8% (552/702)
Web node_modules\expo-router\entry.js ▓▓▓▓▓▓▓▓░░░░░░░░ 51.7% (418/625)
λ node_modules\expo-router\node\render.js ▓▓▓▓▓▓▓▓▓░░░░░░░ 61.8% (552/702)
Web node_modules\expo-router\entry.js ▓▓▓▓▓▓▓▓░░░░░░░░ 51.7% (441/637)
λ node_modules\expo-router\node\render.js ▓▓▓▓▓▓▓▓▓░░░░░░░ 62.2% (556/705)
Web node_modules\expo-router\entry.js ▓▓▓▓▓▓▓▓░░░░░░░░ 51.7% (446/639)
λ node_modules\expo-router\node\render.js ▓▓▓▓▓▓▓▓▓▓▓░░░░░ 72.7% (650/786)
Web node_modules\expo-router\entry.js ▓▓▓▓▓▓▓▓░░░░░░░░ 52.2% (468/648)
λ node_modules\expo-router\node\render.js ▓▓▓▓▓▓▓▓▓▓▓░░░░░ 72.7% (700/859)
Web node_modules\expo-router\entry.js ▓▓▓▓▓▓▓▓▓░░░░░░░ 61.8% (554/705)
λ node_modules\expo-router\node\render.js ▓▓▓▓▓▓▓▓▓▓▓░░░░░ 72.7% (700/859)
Web node_modules\expo-router\entry.js ▓▓▓▓▓▓▓▓▓░░░░░░░ 61.8% (625/817)
λ node_modules\expo-router\node\render.js ▓▓▓▓▓▓▓▓▓▓▓░░░░░ 72.7% (700/859)
Web node_modules\expo-router\entry.js ▓▓▓▓▓▓▓▓▓░░░░░░░ 61.8% (639/823)
λ node_modules\expo-router\node\render.js ▓▓▓▓▓▓▓▓▓▓▓▓░░░░ 76.9% (784/894)
Web node_modules\expo-router\entry.js ▓▓▓▓▓▓▓▓▓░░░░░░░ 61.8% (639/823)
λ node_modules\expo-router\node\render.js ▓▓▓▓▓▓▓▓▓▓▓▓░░░░ 78.9% (850/961)
Web node_modules\expo-router\entry.js ▓▓▓▓▓▓▓▓▓▓░░░░░░ 63.7% (688/862)
λ node_modules\expo-router\node\render.js ▓▓▓▓▓▓▓▓▓▓▓▓░░░░ 78.9% (861/975)
Web node_modules\expo-router\entry.js ▓▓▓▓▓▓▓▓▓▓▓░░░░░ 72.9% (771/912)
λ node_modules\expo-router\node\render.js ▓▓▓▓▓▓▓▓▓▓▓▓░░░░ 78.9% (861/975)
Web node_modules\expo-router\entry.js ▓▓▓▓▓▓▓▓▓▓▓░░░░░ 74.2% (816/947)
λ node_modules\expo-router\node\render.js ▓▓▓▓▓▓▓▓▓▓▓▓░░░░ 79.8% (882/999)
Web node_modules\expo-router\entry.js ▓▓▓▓▓▓▓▓▓▓▓░░░░░ 74.6% (824/954)
λ node_modules\expo-router\node\render.js ▓▓▓▓▓▓▓▓▓▓▓▓▓░░░ 83.0% ( 943/1035)
Web node_modules\expo-router\entry.js ▓▓▓▓▓▓▓▓▓▓▓▓░░░░ 76.7% (842/963)
λ node_modules\expo-router\node\render.js ▓▓▓▓▓▓▓▓▓▓▓▓▓░░░ 87.0% ( 971/1052)
Web node_modules\expo-router\entry.js ▓▓▓▓▓▓▓▓▓▓▓▓░░░░ 80.9% ( 905/1006)
λ node_modules\expo-router\node\render.js ▓▓▓▓▓▓▓▓▓▓▓▓▓░░░ 87.0% ( 975/1053)
Web node_modules\expo-router\entry.js ▓▓▓▓▓▓▓▓▓▓▓▓▓░░░ 87.0% ( 944/1012)
λ node_modules\expo-router\node\render.js ▓▓▓▓▓▓▓▓▓▓▓▓▓▓░░ 89.6% ( 997/1053)
Web node_modules\expo-router\entry.js ▓▓▓▓▓▓▓▓▓▓▓▓▓░░░ 87.1% ( 961/1063)
λ node_modules\expo-router\node\render.js ▓▓▓▓▓▓▓▓▓▓▓▓▓▓░░ 90.2% (1045/1125)
Web node_modules\expo-router\entry.js ▓▓▓▓▓▓▓▓▓▓▓▓▓░░░ 87.1% (1019/1116)
λ node_modules\expo-router\node\render.js ▓▓▓▓▓▓▓▓▓▓▓▓▓▓░░ 90.2% (1065/1140)
Web node_modules\expo-router\entry.js ▓▓▓▓▓▓▓▓▓▓▓▓▓░░░ 87.1% (1048/1146)
λ node_modules\expo-router\node\render.js ▓▓▓▓▓▓▓▓▓▓▓▓▓▓░░ 92.2% (1116/1165)
Web node_modules\expo-router\entry.js ▓▓▓▓▓▓▓▓▓▓▓▓▓▓░░ 89.7% (1110/1172)
λ node_modules\expo-router\node\render.js ▓▓▓▓▓▓▓▓▓▓▓▓▓▓░░ 93.0% (1134/1176)
Web node_modules\expo-router\entry.js ▓▓▓▓▓▓▓▓▓▓▓▓▓▓░░ 92.5% (1172/1223)
λ node_modules\expo-router\node\render.js ▓▓▓▓▓▓▓▓▓▓▓▓▓▓░░ 93.3% (1172/1234)
Web node_modules\expo-router\entry.js ▓▓▓▓▓▓▓▓▓▓▓▓▓▓░░ 93.7% (1203/1243)
λ node_modules\expo-router\node\render.js ▓▓▓▓▓▓▓▓▓▓▓▓▓▓░░ 93.4% (1232/1278)
Web node_modules\expo-router\entry.js ▓▓▓▓▓▓▓▓▓▓▓▓▓▓▓░ 97.2% (1261/1283)
λ node_modules\expo-router\node\render.js ▓▓▓▓▓▓▓▓▓▓▓▓▓▓▓░ 97.2% (1276/1294)
λ Bundled 179737ms node_modules\expo-router\node\render.js (1302 modules)
Web node_modules\expo-router\entry.js ▓▓▓▓▓▓▓▓▓▓▓▓▓▓▓░ 99.9% (1294/1294)
Web Bundled 185008ms node_modules\expo-router\entry.js (1294 modules)
Web node_modules\expo-router\entry.js ▓▓▓▓▓▓▓▓▓▓▓▓▓▓▓░ 99.9% (1294/1294)

› web bundles (81):
_expo/static/css/web-1f62e9bdddc0edc47f208822ab85f3a9.css (7.87 kB)
_expo/static/js/web/__common-a6a8d809749860b9bda825ec7ddce301.js (1.83 MB)
_expo/static/js/web/__expo-metro-runtime-aa3095e9518255ec367956d1aa119a8c.js (10.1 kB)
_expo/static/js/web/_layout-4f5ce179a6300aff3fa4511a13a5a230.js (1.08 kB)
_expo/static/js/web/_layout-a30866df86a85f6f6acb682e09f563cd.js (11.6 kB)
_expo/static/js/web/_layout-c5d061ff3efdacddbb46296f73cbf6f7.js (4.92 kB)
_expo/static/js/web/_layout-ddacb20d51f4195a740f89cb3289fa9d.js (2.64 kB)
_expo/static/js/web/_layout-f890224082b4a40a003d3ff78abad556.js (1.26 kB)
_expo/static/js/web/_layout-fe800288c492d97f28aba65e1f1af86b.js (1.08 kB)
_expo/static/js/web/[id]-aba84fbadb5bc3bdbbb1bafea8b29000.js (12.4 kB)
_expo/static/js/web/+not-found-25a9cf943496a7058ba3cef03ff0b061.js (1.05 kB)
_expo/static/js/web/about-6c785c3027aa30f386eb6bf9fec53ede.js (7.27 kB)
_expo/static/js/web/about-75d8f45307f4e3fb508aab743a5bc69e.js (9.59 kB)
_expo/static/js/web/about-c6a1f26293e48b9534f590e9bdd22f2b.js (10 kB)
_expo/static/js/web/about-e8a37a544faa214a3773722fdfa24f59.js (10 kB)
_expo/static/js/web/add-note-7937882a293b4de95bf4a2ef41472a18.js (6.42 kB)
_expo/static/js/web/admin-login-fc2f6468f02db65e4729f80b77f610f5.js (5.94 kB)
_expo/static/js/web/analytics-3452669fea7f4dc47bece0f38fd0aaa4.js (4.85 kB)
_expo/static/js/web/analytics-8b478f5634e8af18c01b5c80f4ed336f.js (7.96 kB)
_expo/static/js/web/analytics-b97b4d937ff500797297be8e487e4863.js (7.97 kB)
_expo/static/js/web/announcements-5b3e0032227ba564dbc9b7c681f01c3d.js (3.62 kB)
_expo/static/js/web/announcements-75503b3b7dbf6c8e1a98bd7b084a8dc9.js (5.7 kB)
_expo/static/js/web/announcements-9511be56adbf8fcff989f0b641317a84.js (15.8 kB)
_expo/static/js/web/announcements-f1949f7b68aa0b6a47d4ae96d1dc741f.js (7.63 kB)
_expo/static/js/web/appearance-08043bde17f081bb903cfe1e264fe41b.js (4.71 kB)
_expo/static/js/web/best-wards-313ccd1d3524d21bf02ce3becd695569.js (12.7 kB)
_expo/static/js/web/category-wise-25eac1a47f5bdf4caa37bd04715aaff0.js (8.63 kB)
_expo/static/js/web/citizen-login-70197b2bc48a31911562d71c788205ca.js (22 kB)
_expo/static/js/web/complaint-details-380fc908988d23d6a94f61966a066ddc.js (22.3 kB)
_expo/static/js/web/complaint-details-bcc58dcc1be459ea73f902401818c2be.js (6.44 kB)
_expo/static/js/web/complaint-explorer-c3a61965404ce681c9681e272550a5e8.js (3.88 kB)
_expo/static/js/web/complaint-success-f1d7a6e3ea5dc5a834da7cacde292152.js (4.89 kB)
_expo/static/js/web/complaints-50ecb76fd0321f058de21312df9cf119.js (9.4 kB)
_expo/static/js/web/complaints-79d87592c33661dbc90e1b7ea8ba1f85.js (31.3 kB)
_expo/static/js/web/complaints-e1ecb7c726db8eec5c6c4e83d63e0191.js (5.74 kB)
_expo/static/js/web/complete-profile-2f8c17d24c5a290c6283d382f0f63d84.js (6.03 kB)
_expo/static/js/web/dashboard-1e0b37cadbf8f1d4c0761fc2f38d812b.js (16.5 kB)
_expo/static/js/web/dashboard-630fa72643be3feb1d1a3ea9b1e1b0e2.js (22.9 kB)
_expo/static/js/web/dashboard-7eecc8ef3ea20ce570b30a32b87a157e.js (24.9 kB)
_expo/static/js/web/dashboard-c618c99e8cbaa92412faee817374a140.js (20.5 kB)
_expo/static/js/web/department-credentials-b038fef3dba8efd1658f0a6585cfd59a.js (11.6 kB)
_expo/static/js/web/department-login-6f0d1851df73114ab44f57c10cba4a11.js (6.18 kB)
_expo/static/js/web/department-wise-07a47d89f082d0623225629a6309c3eb.js (9.22 kB)
_expo/static/js/web/departments-89a7d72e02bff9848031d7fd93b14920.js (3.9 kB)
_expo/static/js/web/entry-6122b723b04d825b68781f304a112124.js (998 kB)
_expo/static/js/web/escalate-116dd16a8c164ba912c9e5e8d80c32af.js (8.62 kB)
_expo/static/js/web/faqs-0c7dec448b58a98c1d9d6551df8417dc.js (5.73 kB)
_expo/static/js/web/help-0728b1de8ede4354d013e865322abc7d.js (8.45 kB)
_expo/static/js/web/help-96fdee9b985ceda914e4931142b209b0.js (5.03 kB)
_expo/static/js/web/index-6f169aae49902bb96fe3710eda9ea17b.js (379 B)
_expo/static/js/web/index-9f2c9f7c58432a368a7dbb0a7f4206c8.js (2.71 kB)
_expo/static/js/web/leaderboard-a25cb35a101e5cd25f9a6f19cc6d1810.js (6.38 kB)
_expo/static/js/web/my-complaints-623ac079699c5880fdd3251aa23f149a.js (6.29 kB)
_expo/static/js/web/nagarsevak-login-1130d0e99995bc26e5024ec4f4be8f27.js (6.44 kB)
_expo/static/js/web/notification-0bb6f78bc4a30f38e98294d23af06f5a.js (1.65 kB)
_expo/static/js/web/notification-564a237c295011bfb7ed30463414bdf3.js (1.64 kB)
_expo/static/js/web/notification-a012f6453a1f38493d423d78849226aa.js (1.65 kB)
_expo/static/js/web/notifications-2e48bd1524c8cc9b31e7ef96926df8e5.js (3.32 kB)
_expo/static/js/web/people-e15bf54c55c63a50f1fb80e3a62c89be.js (7.09 kB)
_expo/static/js/web/preferences-e6ab6ea2b8818a4e38b4c8711446d41d.js (5.3 kB)
_expo/static/js/web/privacy-b6994912581fcdb2605fd4df395fa7c5.js (3.2 kB)
_expo/static/js/web/privacy-policy-201fbe8222562730b6b65dc030c151f2.js (4.98 kB)
_expo/static/js/web/privacy-policy-7a51d2391d02d3d73a7747df69cad1e2.js (4.17 kB)
_expo/static/js/web/privacy-policy-f990103cea25fe4b51e9051eaebbff4c.js (4.19 kB)
_expo/static/js/web/profile-2ff25f842bf1b4c3919d493be6ab6c52.js (8.25 kB)
_expo/static/js/web/profile-38cfd27639db05d1c80e575c30ca475f.js (9.32 kB)
_expo/static/js/web/profile-a66454247f787e65843f22b2bff8d04d.js (9.91 kB)
_expo/static/js/web/profile-b2e53e6549a591982a0022a3f4fe5b28.js (12.4 kB)
_expo/static/js/web/report-complaint-337a1b821c422c0426b4593bca9b128d.js (9.24 kB)
_expo/static/js/web/reports-fecb2a937d1e64721da229c6431474e6.js (3.91 kB)
_expo/static/js/web/role-selection-1825ba893fdd6082e2fa5c23f3e24895.js (14.1 kB)
_expo/static/js/web/security-54072f52e277104b2ba570efcfa561db.js (5.93 kB)
_expo/static/js/web/settings-74d74271daae557d3fd20ad6a6954803.js (3.74 kB)
_expo/static/js/web/settings-8837f06aaaee63c32441b4906675d445.js (1.22 kB)
_expo/static/js/web/settings-becd20f04d0c0a3ae5b7d2bb2402a1b6.js (2.45 kB)
_expo/static/js/web/splash-f9f67e387aad4aeeb4a53668b8edc7c6.js (10.9 kB)
_expo/static/js/web/terms-2caeb562df5c2eb4658cece3d74f86fb.js (3.51 kB)
_expo/static/js/web/terms-5f0186ca21df748227357db6d55acdb7.js (3.55 kB)
_expo/static/js/web/terms-conditions-ab2738de2604f4240c28c608843c1d9e.js (4.52 kB)
_expo/static/js/web/ward-84f3f8d4f3797c98b63011222dd29189.js (9.9 kB)
_expo/static/js/web/ward-wise-ae1ad5269082fe5aa657e152fb50e121.js (9.82 kB)

› Static routes (119):
/help (36.4 kB)
/ward (36.4 kB)
/ (index) (35.7 kB)
/about (36.4 kB)
/terms (36.4 kB)
/people (36.4 kB)
/splash (38.5 kB)
/profile (36.4 kB)
/reports (36.4 kB)
/_sitemap (35.1 kB)
/settings (36.4 kB)
/add-note (36.4 kB)
/escalate (36.4 kB)
/analytics (36.4 kB)
/dashboard (36.4 kB)
/ward-wise (36.4 kB)
/+not-found (36.1 kB)
/best-wards (36.4 kB)
/complaints (36.4 kB)
/departments (36.4 kB)
/admin-login (43.4 kB)
/leaderboard (36.4 kB)
/(dept)/help (36.4 kB)
/notification (36.4 kB)
/(dept)/about (36.4 kB)
/(dept)/terms (36.4 kB)
/(admin)/about (36.4 kB)
/announcements (36.4 kB)
/category-wise (36.4 kB)
/citizen-login (41.7 kB)
/(auth)/splash (38.5 kB)
/my-complaints (36.4 kB)
/settings/faqs (36.4 kB)
/(admin)/people (36.4 kB)
/role-selection (42.5 kB)
/(citizen)/help (36.4 kB)
/privacy-policy (36.4 kB)
/(citizen)/ward (36.4 kB)
/complaint/[id] (36.4 kB)
/(dept)/profile (36.4 kB)
/settings/about (36.4 kB)
/settings (36.4 kB)
/settings/terms (36.4 kB)
/department-wise (36.4 kB)
/(admin)/profile (36.4 kB)
/(admin)/reports (36.4 kB)
/(citizen)/about (36.4 kB)
/(dept)/settings (36.4 kB)
/(admin)/settings (36.4 kB)
/department-login (46.9 kB)
/nagarsevak-login (40.1 kB)
/complete-profile (36.4 kB)
/report-complaint (36.4 kB)
/terms-conditions (36.4 kB)
/(dept)/analytics (36.4 kB)
/(dept)/dashboard (36.4 kB)
/settings/privacy (36.4 kB)
/(admin)/analytics (36.4 kB)
/(admin)/dashboard (36.4 kB)
/(admin)/ward-wise (36.4 kB)
/complaint-success (36.4 kB)
/(citizen)/profile (36.4 kB)
/complaint-details (36.4 kB)
/(dept)/complaints (36.4 kB)
/settings/security (36.4 kB)
/(admin)/best-wards (36.4 kB)
/complaint-explorer (36.4 kB)
/(admin)/complaints (36.4 kB)
/(auth)/admin-login (43.4 kB)
/(citizen)/settings (36.4 kB)
/(official)/profile (36.4 kB)
/(admin)/departments (36.4 kB)
/(citizen)/dashboard (36.4 kB)
/(dept)/notification (36.4 kB)
/(official)/add-note (36.4 kB)
/(official)/escalate (36.4 kB)
/settings/appearance (36.4 kB)
/(admin)/notification (36.4 kB)
/(auth)/citizen-login (41.7 kB)
/(dept)/announcements (36.4 kB)
/(official)/analytics (36.4 kB)
/(official)/dashboard (36.4 kB)
/settings/preferences (36.4 kB)
/(admin)/announcements (36.4 kB)
/(admin)/category-wise (36.4 kB)
/(auth)/role-selection (42.5 kB)
/(citizen)/leaderboard (36.4 kB)
/(dept)/privacy-policy (36.4 kB)
/(official)/complaints (36.4 kB)
/department-credentials (43.4 kB)
/settings/notifications (36.4 kB)
/(admin)/department-wise (36.4 kB)
/(auth)/department-login (46.9 kB)
/(auth)/nagarsevak-login (40.1 kB)
/(citizen)/announcements (36.4 kB)
/(citizen)/my-complaints (36.4 kB)
/(official)/notification (36.4 kB)
/settings/privacy-policy (36.4 kB)
/(citizen)/privacy-policy (36.4 kB)
/(citizen)/complaint/[id] (36.4 kB)
/(dept)/complaint-details (36.4 kB)
/(official)/announcements (36.4 kB)
/(official)/settings/faqs (36.4 kB)
/(official)/settings/about (36.4 kB)
/(official)/settings (36.4 kB)
/(official)/settings/terms (36.4 kB)
/(admin)/complaint-explorer (36.4 kB)
/(citizen)/complete-profile (36.4 kB)
/(citizen)/report-complaint (36.4 kB)
/(citizen)/terms-conditions (36.4 kB)
/(citizen)/complaint-success (36.4 kB)
/(official)/settings/privacy (36.4 kB)
/(official)/complaint-details (36.4 kB)
/(official)/settings/security (36.4 kB)
/(auth)/department-credentials (43.4 kB)
/(official)/settings/appearance (36.4 kB)
/(official)/settings/preferences (36.4 kB)
/(official)/settings/notifications (36.4 kB)
/(official)/settings/privacy-policy (36.4 kB)

Exported: dist-web
